<!doctype html public "-//w3c//dtd html 4.0 transitional//en">
<html><head>
<title>Static Call Graph - [.\obj\M451_ISP_UART0_PD0_PD1.axf]</title></head>
<body><HR>
<H1>Static Call Graph for image .\obj\M451_ISP_UART0_PD0_PD1.axf</H1><HR>
<BR><P>#&#060CALLGRAPH&#062# ARM Linker, 5060750: Last Updated: Thu Jul 26 04:47:57 2018
<BR><P>
<H3>Maximum Stack Usage =       1240 bytes + Unknown(Cycles, Untraceable Function Pointers)</H3><H3>
Call chain for Maximum Stack Depth:</H3>
main &rArr; AES_init_ctx_iv &rArr; AES_generateSBox
<P>
<H3>
Mutually Recursive functions
</H3> <LI><a href="#[1]">NMI_Handler</a>&nbsp;&nbsp;&nbsp;&rArr;&nbsp;&nbsp;&nbsp;<a href="#[1]">NMI_Handler</a><BR>
 <LI><a href="#[2]">HardFault_Handler</a>&nbsp;&nbsp;&nbsp;&rArr;&nbsp;&nbsp;&nbsp;<a href="#[2]">HardFault_Handler</a><BR>
 <LI><a href="#[3]">MemManage_Handler</a>&nbsp;&nbsp;&nbsp;&rArr;&nbsp;&nbsp;&nbsp;<a href="#[3]">MemManage_Handler</a><BR>
 <LI><a href="#[4]">BusFault_Handler</a>&nbsp;&nbsp;&nbsp;&rArr;&nbsp;&nbsp;&nbsp;<a href="#[4]">BusFault_Handler</a><BR>
 <LI><a href="#[5]">UsageFault_Handler</a>&nbsp;&nbsp;&nbsp;&rArr;&nbsp;&nbsp;&nbsp;<a href="#[5]">UsageFault_Handler</a><BR>
 <LI><a href="#[6]">SVC_Handler</a>&nbsp;&nbsp;&nbsp;&rArr;&nbsp;&nbsp;&nbsp;<a href="#[6]">SVC_Handler</a><BR>
 <LI><a href="#[7]">DebugMon_Handler</a>&nbsp;&nbsp;&nbsp;&rArr;&nbsp;&nbsp;&nbsp;<a href="#[7]">DebugMon_Handler</a><BR>
 <LI><a href="#[8]">PendSV_Handler</a>&nbsp;&nbsp;&nbsp;&rArr;&nbsp;&nbsp;&nbsp;<a href="#[8]">PendSV_Handler</a><BR>
 <LI><a href="#[f]">Default_Handler</a>&nbsp;&nbsp;&nbsp;&rArr;&nbsp;&nbsp;&nbsp;<a href="#[f]">Default_Handler</a><BR>
</UL>
<P>
<H3>
Function Pointers
</H3><UL>
 <LI><a href="#[36]">ACMP01_IRQHandler</a> from startup_m451series.o(.text) referenced from startup_m451series.o(RESET)
 <LI><a href="#[34]">ADC00_IRQHandler</a> from startup_m451series.o(.text) referenced from startup_m451series.o(RESET)
 <LI><a href="#[35]">ADC01_IRQHandler</a> from startup_m451series.o(.text) referenced from startup_m451series.o(RESET)
 <LI><a href="#[37]">ADC02_IRQHandler</a> from startup_m451series.o(.text) referenced from startup_m451series.o(RESET)
 <LI><a href="#[38]">ADC03_IRQHandler</a> from startup_m451series.o(.text) referenced from startup_m451series.o(RESET)
 <LI><a href="#[a]">BOD_IRQHandler</a> from startup_m451series.o(.text) referenced from startup_m451series.o(RESET)
 <LI><a href="#[22]">BRAKE0_IRQHandler</a> from startup_m451series.o(.text) referenced from startup_m451series.o(RESET)
 <LI><a href="#[26]">BRAKE1_IRQHandler</a> from startup_m451series.o(.text) referenced from startup_m451series.o(RESET)
 <LI><a href="#[4]">BusFault_Handler</a> from startup_m451series.o(.text) referenced from startup_m451series.o(RESET)
 <LI><a href="#[3f]">CAN0_IRQHandler</a> from startup_m451series.o(.text) referenced from startup_m451series.o(RESET)
 <LI><a href="#[e]">CLKFAIL_IRQHandler</a> from startup_m451series.o(.text) referenced from startup_m451series.o(RESET)
 <LI><a href="#[33]">DAC_IRQHandler</a> from startup_m451series.o(.text) referenced from startup_m451series.o(RESET)
 <LI><a href="#[7]">DebugMon_Handler</a> from startup_m451series.o(.text) referenced from startup_m451series.o(RESET)
 <LI><a href="#[f]">Default_Handler</a> from startup_m451series.o(.text) referenced 9 times from startup_m451series.o(RESET)
 <LI><a href="#[14]">EINT0_IRQHandler</a> from startup_m451series.o(.text) referenced from startup_m451series.o(RESET)
 <LI><a href="#[15]">EINT1_IRQHandler</a> from startup_m451series.o(.text) referenced from startup_m451series.o(RESET)
 <LI><a href="#[16]">EINT2_IRQHandler</a> from startup_m451series.o(.text) referenced from startup_m451series.o(RESET)
 <LI><a href="#[17]">EINT3_IRQHandler</a> from startup_m451series.o(.text) referenced from startup_m451series.o(RESET)
 <LI><a href="#[18]">EINT4_IRQHandler</a> from startup_m451series.o(.text) referenced from startup_m451series.o(RESET)
 <LI><a href="#[19]">EINT5_IRQHandler</a> from startup_m451series.o(.text) referenced from startup_m451series.o(RESET)
 <LI><a href="#[1a]">GPA_IRQHandler</a> from startup_m451series.o(.text) referenced from startup_m451series.o(RESET)
 <LI><a href="#[1b]">GPB_IRQHandler</a> from startup_m451series.o(.text) referenced from startup_m451series.o(RESET)
 <LI><a href="#[1c]">GPC_IRQHandler</a> from startup_m451series.o(.text) referenced from startup_m451series.o(RESET)
 <LI><a href="#[1d]">GPD_IRQHandler</a> from startup_m451series.o(.text) referenced from startup_m451series.o(RESET)
 <LI><a href="#[1e]">GPE_IRQHandler</a> from startup_m451series.o(.text) referenced from startup_m451series.o(RESET)
 <LI><a href="#[1f]">GPF_IRQHandler</a> from startup_m451series.o(.text) referenced from startup_m451series.o(RESET)
 <LI><a href="#[2]">HardFault_Handler</a> from startup_m451series.o(.text) referenced from startup_m451series.o(RESET)
 <LI><a href="#[30]">I2C0_IRQHandler</a> from startup_m451series.o(.text) referenced from startup_m451series.o(RESET)
 <LI><a href="#[31]">I2C1_IRQHandler</a> from startup_m451series.o(.text) referenced from startup_m451series.o(RESET)
 <LI><a href="#[b]">IRC_IRQHandler</a> from startup_m451series.o(.text) referenced from startup_m451series.o(RESET)
 <LI><a href="#[3]">MemManage_Handler</a> from startup_m451series.o(.text) referenced from startup_m451series.o(RESET)
 <LI><a href="#[1]">NMI_Handler</a> from startup_m451series.o(.text) referenced from startup_m451series.o(RESET)
 <LI><a href="#[32]">PDMA_IRQHandler</a> from startup_m451series.o(.text) referenced from startup_m451series.o(RESET)
 <LI><a href="#[23]">PWM0P0_IRQHandler</a> from startup_m451series.o(.text) referenced from startup_m451series.o(RESET)
 <LI><a href="#[24]">PWM0P1_IRQHandler</a> from startup_m451series.o(.text) referenced from startup_m451series.o(RESET)
 <LI><a href="#[25]">PWM0P2_IRQHandler</a> from startup_m451series.o(.text) referenced from startup_m451series.o(RESET)
 <LI><a href="#[27]">PWM1P0_IRQHandler</a> from startup_m451series.o(.text) referenced from startup_m451series.o(RESET)
 <LI><a href="#[28]">PWM1P1_IRQHandler</a> from startup_m451series.o(.text) referenced from startup_m451series.o(RESET)
 <LI><a href="#[29]">PWM1P2_IRQHandler</a> from startup_m451series.o(.text) referenced from startup_m451series.o(RESET)
 <LI><a href="#[c]">PWRWU_IRQHandler</a> from startup_m451series.o(.text) referenced from startup_m451series.o(RESET)
 <LI><a href="#[8]">PendSV_Handler</a> from startup_m451series.o(.text) referenced from startup_m451series.o(RESET)
 <LI><a href="#[d]">RAMPE_IRQHandler</a> from startup_m451series.o(.text) referenced from startup_m451series.o(RESET)
 <LI><a href="#[10]">RTC_IRQHandler</a> from startup_m451series.o(.text) referenced from startup_m451series.o(RESET)
 <LI><a href="#[45]">Reset_Handler</a> from startup_m451series.o(.text) referenced from startup_m451series.o(RESET)
 <LI><a href="#[40]">SC0_IRQHandler</a> from startup_m451series.o(.text) referenced from startup_m451series.o(RESET)
 <LI><a href="#[20]">SPI0_IRQHandler</a> from startup_m451series.o(.text) referenced from startup_m451series.o(RESET)
 <LI><a href="#[21]">SPI1_IRQHandler</a> from startup_m451series.o(.text) referenced from startup_m451series.o(RESET)
 <LI><a href="#[3b]">SPI2_IRQHandler</a> from startup_m451series.o(.text) referenced from startup_m451series.o(RESET)
 <LI><a href="#[6]">SVC_Handler</a> from startup_m451series.o(.text) referenced from startup_m451series.o(RESET)
 <LI><a href="#[9]">SysTick_Handler</a> from main.o(i.SysTick_Handler) referenced from startup_m451series.o(RESET)
 <LI><a href="#[43]">SystemInit</a> from system_m451series.o(i.SystemInit) referenced from startup_m451series.o(.text)
 <LI><a href="#[11]">TAMPER_IRQHandler</a> from startup_m451series.o(.text) referenced from startup_m451series.o(RESET)
 <LI><a href="#[41]">TK_IRQHandler</a> from startup_m451series.o(.text) referenced from startup_m451series.o(RESET)
 <LI><a href="#[2a]">TMR0_IRQHandler</a> from startup_m451series.o(.text) referenced from startup_m451series.o(RESET)
 <LI><a href="#[2b]">TMR1_IRQHandler</a> from startup_m451series.o(.text) referenced from startup_m451series.o(RESET)
 <LI><a href="#[2c]">TMR2_IRQHandler</a> from startup_m451series.o(.text) referenced from startup_m451series.o(RESET)
 <LI><a href="#[2d]">TMR3_IRQHandler</a> from startup_m451series.o(.text) referenced from startup_m451series.o(RESET)
 <LI><a href="#[2e]">UART0_IRQHandler</a> from main.o(i.UART0_IRQHandler) referenced from startup_m451series.o(RESET)
 <LI><a href="#[2f]">UART1_IRQHandler</a> from startup_m451series.o(.text) referenced from startup_m451series.o(RESET)
 <LI><a href="#[39]">UART2_IRQHandler</a> from startup_m451series.o(.text) referenced from startup_m451series.o(RESET)
 <LI><a href="#[3a]">UART3_IRQHandler</a> from startup_m451series.o(.text) referenced from startup_m451series.o(RESET)
 <LI><a href="#[3c]">USBD_IRQHandler</a> from startup_m451series.o(.text) referenced from startup_m451series.o(RESET)
 <LI><a href="#[3d]">USBH_IRQHandler</a> from startup_m451series.o(.text) referenced from startup_m451series.o(RESET)
 <LI><a href="#[3e]">USBOTG_IRQHandler</a> from startup_m451series.o(.text) referenced from startup_m451series.o(RESET)
 <LI><a href="#[5]">UsageFault_Handler</a> from startup_m451series.o(.text) referenced from startup_m451series.o(RESET)
 <LI><a href="#[12]">WDT_IRQHandler</a> from startup_m451series.o(.text) referenced from startup_m451series.o(RESET)
 <LI><a href="#[13]">WWDT_IRQHandler</a> from startup_m451series.o(.text) referenced from startup_m451series.o(RESET)
 <LI><a href="#[44]">__main</a> from entry.o(.ARM.Collect$$$$00000000) referenced from startup_m451series.o(.text)
 <LI><a href="#[42]">main</a> from main.o(i.main) referenced from entry9a.o(.ARM.Collect$$$$0000000B)
</UL>
<P>
<H3>
Global Symbols
</H3>
<P><STRONG><a name="[44]"></a>__main</STRONG> (Thumb, 0 bytes, Stack size unknown bytes, entry.o(.ARM.Collect$$$$00000000))
<BR>[Address Reference Count : 1]<UL><LI> startup_m451series.o(.text)
</UL>
<P><STRONG><a name="[63]"></a>_main_stk</STRONG> (Thumb, 0 bytes, Stack size unknown bytes, entry2.o(.ARM.Collect$$$$00000001))

<P><STRONG><a name="[46]"></a>_main_scatterload</STRONG> (Thumb, 0 bytes, Stack size unknown bytes, entry5.o(.ARM.Collect$$$$00000004))
<BR><BR>[Calls]<UL><LI><a href="#[47]">&gt;&gt;</a>&nbsp;&nbsp;&nbsp;__scatterload
</UL>

<P><STRONG><a name="[48]"></a>__main_after_scatterload</STRONG> (Thumb, 0 bytes, Stack size unknown bytes, entry5.o(.ARM.Collect$$$$00000004))
<BR><BR>[Called By]<UL><LI><a href="#[47]">&gt;&gt;</a>&nbsp;&nbsp;&nbsp;__scatterload
</UL>

<P><STRONG><a name="[64]"></a>_main_clock</STRONG> (Thumb, 0 bytes, Stack size unknown bytes, entry7b.o(.ARM.Collect$$$$00000008))

<P><STRONG><a name="[65]"></a>_main_cpp_init</STRONG> (Thumb, 0 bytes, Stack size unknown bytes, entry8b.o(.ARM.Collect$$$$0000000A))

<P><STRONG><a name="[66]"></a>_main_init</STRONG> (Thumb, 0 bytes, Stack size unknown bytes, entry9a.o(.ARM.Collect$$$$0000000B))

<P><STRONG><a name="[67]"></a>__rt_final_cpp</STRONG> (Thumb, 0 bytes, Stack size unknown bytes, entry10a.o(.ARM.Collect$$$$0000000D))

<P><STRONG><a name="[68]"></a>__rt_final_exit</STRONG> (Thumb, 0 bytes, Stack size unknown bytes, entry11a.o(.ARM.Collect$$$$0000000F))

<P><STRONG><a name="[45]"></a>Reset_Handler</STRONG> (Thumb, 50 bytes, Stack size 0 bytes, startup_m451series.o(.text))

<P><STRONG><a name="[1]"></a>NMI_Handler</STRONG> (Thumb, 2 bytes, Stack size 0 bytes, startup_m451series.o(.text))
<BR><BR>[Calls]<UL><LI><a href="#[1]">&gt;&gt;</a>&nbsp;&nbsp;&nbsp;NMI_Handler
</UL>
<BR>[Called By]<UL><LI><a href="#[1]">&gt;&gt;</a>&nbsp;&nbsp;&nbsp;NMI_Handler
</UL>
<BR>[Address Reference Count : 1]<UL><LI> startup_m451series.o(RESET)
</UL>
<P><STRONG><a name="[2]"></a>HardFault_Handler</STRONG> (Thumb, 2 bytes, Stack size 0 bytes, startup_m451series.o(.text))
<BR><BR>[Calls]<UL><LI><a href="#[2]">&gt;&gt;</a>&nbsp;&nbsp;&nbsp;HardFault_Handler
</UL>
<BR>[Called By]<UL><LI><a href="#[2]">&gt;&gt;</a>&nbsp;&nbsp;&nbsp;HardFault_Handler
</UL>
<BR>[Address Reference Count : 1]<UL><LI> startup_m451series.o(RESET)
</UL>
<P><STRONG><a name="[3]"></a>MemManage_Handler</STRONG> (Thumb, 2 bytes, Stack size 0 bytes, startup_m451series.o(.text))
<BR><BR>[Calls]<UL><LI><a href="#[3]">&gt;&gt;</a>&nbsp;&nbsp;&nbsp;MemManage_Handler
</UL>
<BR>[Called By]<UL><LI><a href="#[3]">&gt;&gt;</a>&nbsp;&nbsp;&nbsp;MemManage_Handler
</UL>
<BR>[Address Reference Count : 1]<UL><LI> startup_m451series.o(RESET)
</UL>
<P><STRONG><a name="[4]"></a>BusFault_Handler</STRONG> (Thumb, 2 bytes, Stack size 0 bytes, startup_m451series.o(.text))
<BR><BR>[Calls]<UL><LI><a href="#[4]">&gt;&gt;</a>&nbsp;&nbsp;&nbsp;BusFault_Handler
</UL>
<BR>[Called By]<UL><LI><a href="#[4]">&gt;&gt;</a>&nbsp;&nbsp;&nbsp;BusFault_Handler
</UL>
<BR>[Address Reference Count : 1]<UL><LI> startup_m451series.o(RESET)
</UL>
<P><STRONG><a name="[5]"></a>UsageFault_Handler</STRONG> (Thumb, 2 bytes, Stack size 0 bytes, startup_m451series.o(.text))
<BR><BR>[Calls]<UL><LI><a href="#[5]">&gt;&gt;</a>&nbsp;&nbsp;&nbsp;UsageFault_Handler
</UL>
<BR>[Called By]<UL><LI><a href="#[5]">&gt;&gt;</a>&nbsp;&nbsp;&nbsp;UsageFault_Handler
</UL>
<BR>[Address Reference Count : 1]<UL><LI> startup_m451series.o(RESET)
</UL>
<P><STRONG><a name="[6]"></a>SVC_Handler</STRONG> (Thumb, 2 bytes, Stack size 0 bytes, startup_m451series.o(.text))
<BR><BR>[Calls]<UL><LI><a href="#[6]">&gt;&gt;</a>&nbsp;&nbsp;&nbsp;SVC_Handler
</UL>
<BR>[Called By]<UL><LI><a href="#[6]">&gt;&gt;</a>&nbsp;&nbsp;&nbsp;SVC_Handler
</UL>
<BR>[Address Reference Count : 1]<UL><LI> startup_m451series.o(RESET)
</UL>
<P><STRONG><a name="[7]"></a>DebugMon_Handler</STRONG> (Thumb, 2 bytes, Stack size 0 bytes, startup_m451series.o(.text))
<BR><BR>[Calls]<UL><LI><a href="#[7]">&gt;&gt;</a>&nbsp;&nbsp;&nbsp;DebugMon_Handler
</UL>
<BR>[Called By]<UL><LI><a href="#[7]">&gt;&gt;</a>&nbsp;&nbsp;&nbsp;DebugMon_Handler
</UL>
<BR>[Address Reference Count : 1]<UL><LI> startup_m451series.o(RESET)
</UL>
<P><STRONG><a name="[8]"></a>PendSV_Handler</STRONG> (Thumb, 2 bytes, Stack size 0 bytes, startup_m451series.o(.text))
<BR><BR>[Calls]<UL><LI><a href="#[8]">&gt;&gt;</a>&nbsp;&nbsp;&nbsp;PendSV_Handler
</UL>
<BR>[Called By]<UL><LI><a href="#[8]">&gt;&gt;</a>&nbsp;&nbsp;&nbsp;PendSV_Handler
</UL>
<BR>[Address Reference Count : 1]<UL><LI> startup_m451series.o(RESET)
</UL>
<P><STRONG><a name="[36]"></a>ACMP01_IRQHandler</STRONG> (Thumb, 0 bytes, Stack size 0 bytes, startup_m451series.o(.text))
<BR>[Address Reference Count : 1]<UL><LI> startup_m451series.o(RESET)
</UL>
<P><STRONG><a name="[34]"></a>ADC00_IRQHandler</STRONG> (Thumb, 0 bytes, Stack size 0 bytes, startup_m451series.o(.text))
<BR>[Address Reference Count : 1]<UL><LI> startup_m451series.o(RESET)
</UL>
<P><STRONG><a name="[35]"></a>ADC01_IRQHandler</STRONG> (Thumb, 0 bytes, Stack size 0 bytes, startup_m451series.o(.text))
<BR>[Address Reference Count : 1]<UL><LI> startup_m451series.o(RESET)
</UL>
<P><STRONG><a name="[37]"></a>ADC02_IRQHandler</STRONG> (Thumb, 0 bytes, Stack size 0 bytes, startup_m451series.o(.text))
<BR>[Address Reference Count : 1]<UL><LI> startup_m451series.o(RESET)
</UL>
<P><STRONG><a name="[38]"></a>ADC03_IRQHandler</STRONG> (Thumb, 0 bytes, Stack size 0 bytes, startup_m451series.o(.text))
<BR>[Address Reference Count : 1]<UL><LI> startup_m451series.o(RESET)
</UL>
<P><STRONG><a name="[a]"></a>BOD_IRQHandler</STRONG> (Thumb, 0 bytes, Stack size 0 bytes, startup_m451series.o(.text))
<BR>[Address Reference Count : 1]<UL><LI> startup_m451series.o(RESET)
</UL>
<P><STRONG><a name="[22]"></a>BRAKE0_IRQHandler</STRONG> (Thumb, 0 bytes, Stack size 0 bytes, startup_m451series.o(.text))
<BR>[Address Reference Count : 1]<UL><LI> startup_m451series.o(RESET)
</UL>
<P><STRONG><a name="[26]"></a>BRAKE1_IRQHandler</STRONG> (Thumb, 0 bytes, Stack size 0 bytes, startup_m451series.o(.text))
<BR>[Address Reference Count : 1]<UL><LI> startup_m451series.o(RESET)
</UL>
<P><STRONG><a name="[3f]"></a>CAN0_IRQHandler</STRONG> (Thumb, 0 bytes, Stack size 0 bytes, startup_m451series.o(.text))
<BR>[Address Reference Count : 1]<UL><LI> startup_m451series.o(RESET)
</UL>
<P><STRONG><a name="[e]"></a>CLKFAIL_IRQHandler</STRONG> (Thumb, 0 bytes, Stack size 0 bytes, startup_m451series.o(.text))
<BR>[Address Reference Count : 1]<UL><LI> startup_m451series.o(RESET)
</UL>
<P><STRONG><a name="[33]"></a>DAC_IRQHandler</STRONG> (Thumb, 0 bytes, Stack size 0 bytes, startup_m451series.o(.text))
<BR>[Address Reference Count : 1]<UL><LI> startup_m451series.o(RESET)
</UL>
<P><STRONG><a name="[14]"></a>EINT0_IRQHandler</STRONG> (Thumb, 0 bytes, Stack size 0 bytes, startup_m451series.o(.text))
<BR>[Address Reference Count : 1]<UL><LI> startup_m451series.o(RESET)
</UL>
<P><STRONG><a name="[15]"></a>EINT1_IRQHandler</STRONG> (Thumb, 0 bytes, Stack size 0 bytes, startup_m451series.o(.text))
<BR>[Address Reference Count : 1]<UL><LI> startup_m451series.o(RESET)
</UL>
<P><STRONG><a name="[16]"></a>EINT2_IRQHandler</STRONG> (Thumb, 0 bytes, Stack size 0 bytes, startup_m451series.o(.text))
<BR>[Address Reference Count : 1]<UL><LI> startup_m451series.o(RESET)
</UL>
<P><STRONG><a name="[17]"></a>EINT3_IRQHandler</STRONG> (Thumb, 0 bytes, Stack size 0 bytes, startup_m451series.o(.text))
<BR>[Address Reference Count : 1]<UL><LI> startup_m451series.o(RESET)
</UL>
<P><STRONG><a name="[18]"></a>EINT4_IRQHandler</STRONG> (Thumb, 0 bytes, Stack size 0 bytes, startup_m451series.o(.text))
<BR>[Address Reference Count : 1]<UL><LI> startup_m451series.o(RESET)
</UL>
<P><STRONG><a name="[19]"></a>EINT5_IRQHandler</STRONG> (Thumb, 0 bytes, Stack size 0 bytes, startup_m451series.o(.text))
<BR>[Address Reference Count : 1]<UL><LI> startup_m451series.o(RESET)
</UL>
<P><STRONG><a name="[1a]"></a>GPA_IRQHandler</STRONG> (Thumb, 0 bytes, Stack size 0 bytes, startup_m451series.o(.text))
<BR>[Address Reference Count : 1]<UL><LI> startup_m451series.o(RESET)
</UL>
<P><STRONG><a name="[1b]"></a>GPB_IRQHandler</STRONG> (Thumb, 0 bytes, Stack size 0 bytes, startup_m451series.o(.text))
<BR>[Address Reference Count : 1]<UL><LI> startup_m451series.o(RESET)
</UL>
<P><STRONG><a name="[1c]"></a>GPC_IRQHandler</STRONG> (Thumb, 0 bytes, Stack size 0 bytes, startup_m451series.o(.text))
<BR>[Address Reference Count : 1]<UL><LI> startup_m451series.o(RESET)
</UL>
<P><STRONG><a name="[1d]"></a>GPD_IRQHandler</STRONG> (Thumb, 0 bytes, Stack size 0 bytes, startup_m451series.o(.text))
<BR>[Address Reference Count : 1]<UL><LI> startup_m451series.o(RESET)
</UL>
<P><STRONG><a name="[1e]"></a>GPE_IRQHandler</STRONG> (Thumb, 0 bytes, Stack size 0 bytes, startup_m451series.o(.text))
<BR>[Address Reference Count : 1]<UL><LI> startup_m451series.o(RESET)
</UL>
<P><STRONG><a name="[1f]"></a>GPF_IRQHandler</STRONG> (Thumb, 0 bytes, Stack size 0 bytes, startup_m451series.o(.text))
<BR>[Address Reference Count : 1]<UL><LI> startup_m451series.o(RESET)
</UL>
<P><STRONG><a name="[30]"></a>I2C0_IRQHandler</STRONG> (Thumb, 0 bytes, Stack size 0 bytes, startup_m451series.o(.text))
<BR>[Address Reference Count : 1]<UL><LI> startup_m451series.o(RESET)
</UL>
<P><STRONG><a name="[31]"></a>I2C1_IRQHandler</STRONG> (Thumb, 0 bytes, Stack size 0 bytes, startup_m451series.o(.text))
<BR>[Address Reference Count : 1]<UL><LI> startup_m451series.o(RESET)
</UL>
<P><STRONG><a name="[b]"></a>IRC_IRQHandler</STRONG> (Thumb, 0 bytes, Stack size 0 bytes, startup_m451series.o(.text))
<BR>[Address Reference Count : 1]<UL><LI> startup_m451series.o(RESET)
</UL>
<P><STRONG><a name="[32]"></a>PDMA_IRQHandler</STRONG> (Thumb, 0 bytes, Stack size 0 bytes, startup_m451series.o(.text))
<BR>[Address Reference Count : 1]<UL><LI> startup_m451series.o(RESET)
</UL>
<P><STRONG><a name="[23]"></a>PWM0P0_IRQHandler</STRONG> (Thumb, 0 bytes, Stack size 0 bytes, startup_m451series.o(.text))
<BR>[Address Reference Count : 1]<UL><LI> startup_m451series.o(RESET)
</UL>
<P><STRONG><a name="[24]"></a>PWM0P1_IRQHandler</STRONG> (Thumb, 0 bytes, Stack size 0 bytes, startup_m451series.o(.text))
<BR>[Address Reference Count : 1]<UL><LI> startup_m451series.o(RESET)
</UL>
<P><STRONG><a name="[25]"></a>PWM0P2_IRQHandler</STRONG> (Thumb, 0 bytes, Stack size 0 bytes, startup_m451series.o(.text))
<BR>[Address Reference Count : 1]<UL><LI> startup_m451series.o(RESET)
</UL>
<P><STRONG><a name="[27]"></a>PWM1P0_IRQHandler</STRONG> (Thumb, 0 bytes, Stack size 0 bytes, startup_m451series.o(.text))
<BR>[Address Reference Count : 1]<UL><LI> startup_m451series.o(RESET)
</UL>
<P><STRONG><a name="[28]"></a>PWM1P1_IRQHandler</STRONG> (Thumb, 0 bytes, Stack size 0 bytes, startup_m451series.o(.text))
<BR>[Address Reference Count : 1]<UL><LI> startup_m451series.o(RESET)
</UL>
<P><STRONG><a name="[29]"></a>PWM1P2_IRQHandler</STRONG> (Thumb, 0 bytes, Stack size 0 bytes, startup_m451series.o(.text))
<BR>[Address Reference Count : 1]<UL><LI> startup_m451series.o(RESET)
</UL>
<P><STRONG><a name="[c]"></a>PWRWU_IRQHandler</STRONG> (Thumb, 0 bytes, Stack size 0 bytes, startup_m451series.o(.text))
<BR>[Address Reference Count : 1]<UL><LI> startup_m451series.o(RESET)
</UL>
<P><STRONG><a name="[d]"></a>RAMPE_IRQHandler</STRONG> (Thumb, 0 bytes, Stack size 0 bytes, startup_m451series.o(.text))
<BR>[Address Reference Count : 1]<UL><LI> startup_m451series.o(RESET)
</UL>
<P><STRONG><a name="[10]"></a>RTC_IRQHandler</STRONG> (Thumb, 0 bytes, Stack size 0 bytes, startup_m451series.o(.text))
<BR>[Address Reference Count : 1]<UL><LI> startup_m451series.o(RESET)
</UL>
<P><STRONG><a name="[40]"></a>SC0_IRQHandler</STRONG> (Thumb, 0 bytes, Stack size 0 bytes, startup_m451series.o(.text))
<BR>[Address Reference Count : 1]<UL><LI> startup_m451series.o(RESET)
</UL>
<P><STRONG><a name="[20]"></a>SPI0_IRQHandler</STRONG> (Thumb, 0 bytes, Stack size 0 bytes, startup_m451series.o(.text))
<BR>[Address Reference Count : 1]<UL><LI> startup_m451series.o(RESET)
</UL>
<P><STRONG><a name="[21]"></a>SPI1_IRQHandler</STRONG> (Thumb, 0 bytes, Stack size 0 bytes, startup_m451series.o(.text))
<BR>[Address Reference Count : 1]<UL><LI> startup_m451series.o(RESET)
</UL>
<P><STRONG><a name="[3b]"></a>SPI2_IRQHandler</STRONG> (Thumb, 0 bytes, Stack size 0 bytes, startup_m451series.o(.text))
<BR>[Address Reference Count : 1]<UL><LI> startup_m451series.o(RESET)
</UL>
<P><STRONG><a name="[11]"></a>TAMPER_IRQHandler</STRONG> (Thumb, 0 bytes, Stack size 0 bytes, startup_m451series.o(.text))
<BR>[Address Reference Count : 1]<UL><LI> startup_m451series.o(RESET)
</UL>
<P><STRONG><a name="[41]"></a>TK_IRQHandler</STRONG> (Thumb, 0 bytes, Stack size 0 bytes, startup_m451series.o(.text))
<BR>[Address Reference Count : 1]<UL><LI> startup_m451series.o(RESET)
</UL>
<P><STRONG><a name="[2a]"></a>TMR0_IRQHandler</STRONG> (Thumb, 0 bytes, Stack size 0 bytes, startup_m451series.o(.text))
<BR>[Address Reference Count : 1]<UL><LI> startup_m451series.o(RESET)
</UL>
<P><STRONG><a name="[2b]"></a>TMR1_IRQHandler</STRONG> (Thumb, 0 bytes, Stack size 0 bytes, startup_m451series.o(.text))
<BR>[Address Reference Count : 1]<UL><LI> startup_m451series.o(RESET)
</UL>
<P><STRONG><a name="[2c]"></a>TMR2_IRQHandler</STRONG> (Thumb, 0 bytes, Stack size 0 bytes, startup_m451series.o(.text))
<BR>[Address Reference Count : 1]<UL><LI> startup_m451series.o(RESET)
</UL>
<P><STRONG><a name="[2d]"></a>TMR3_IRQHandler</STRONG> (Thumb, 0 bytes, Stack size 0 bytes, startup_m451series.o(.text))
<BR>[Address Reference Count : 1]<UL><LI> startup_m451series.o(RESET)
</UL>
<P><STRONG><a name="[2f]"></a>UART1_IRQHandler</STRONG> (Thumb, 0 bytes, Stack size 0 bytes, startup_m451series.o(.text))
<BR>[Address Reference Count : 1]<UL><LI> startup_m451series.o(RESET)
</UL>
<P><STRONG><a name="[39]"></a>UART2_IRQHandler</STRONG> (Thumb, 0 bytes, Stack size 0 bytes, startup_m451series.o(.text))
<BR>[Address Reference Count : 1]<UL><LI> startup_m451series.o(RESET)
</UL>
<P><STRONG><a name="[3a]"></a>UART3_IRQHandler</STRONG> (Thumb, 0 bytes, Stack size 0 bytes, startup_m451series.o(.text))
<BR>[Address Reference Count : 1]<UL><LI> startup_m451series.o(RESET)
</UL>
<P><STRONG><a name="[3c]"></a>USBD_IRQHandler</STRONG> (Thumb, 0 bytes, Stack size 0 bytes, startup_m451series.o(.text))
<BR>[Address Reference Count : 1]<UL><LI> startup_m451series.o(RESET)
</UL>
<P><STRONG><a name="[3d]"></a>USBH_IRQHandler</STRONG> (Thumb, 0 bytes, Stack size 0 bytes, startup_m451series.o(.text))
<BR>[Address Reference Count : 1]<UL><LI> startup_m451series.o(RESET)
</UL>
<P><STRONG><a name="[3e]"></a>USBOTG_IRQHandler</STRONG> (Thumb, 0 bytes, Stack size 0 bytes, startup_m451series.o(.text))
<BR>[Address Reference Count : 1]<UL><LI> startup_m451series.o(RESET)
</UL>
<P><STRONG><a name="[12]"></a>WDT_IRQHandler</STRONG> (Thumb, 0 bytes, Stack size 0 bytes, startup_m451series.o(.text))
<BR>[Address Reference Count : 1]<UL><LI> startup_m451series.o(RESET)
</UL>
<P><STRONG><a name="[13]"></a>WWDT_IRQHandler</STRONG> (Thumb, 0 bytes, Stack size 0 bytes, startup_m451series.o(.text))
<BR>[Address Reference Count : 1]<UL><LI> startup_m451series.o(RESET)
</UL>
<P><STRONG><a name="[4a]"></a>__aeabi_memcpy</STRONG> (Thumb, 36 bytes, Stack size 0 bytes, memcpya.o(.text))
<BR><BR>[Called By]<UL><LI><a href="#[50]">&gt;&gt;</a>&nbsp;&nbsp;&nbsp;AES_init_ctx_iv
<LI><a href="#[49]">&gt;&gt;</a>&nbsp;&nbsp;&nbsp;AES_CBC_decrypt_buffer
</UL>

<P><STRONG><a name="[69]"></a>__aeabi_memcpy4</STRONG> (Thumb, 0 bytes, Stack size 0 bytes, memcpya.o(.text), UNUSED)

<P><STRONG><a name="[6a]"></a>__aeabi_memcpy8</STRONG> (Thumb, 0 bytes, Stack size 0 bytes, memcpya.o(.text), UNUSED)

<P><STRONG><a name="[47]"></a>__scatterload</STRONG> (Thumb, 28 bytes, Stack size 0 bytes, init.o(.text))
<BR><BR>[Calls]<UL><LI><a href="#[48]">&gt;&gt;</a>&nbsp;&nbsp;&nbsp;__main_after_scatterload
</UL>
<BR>[Called By]<UL><LI><a href="#[46]">&gt;&gt;</a>&nbsp;&nbsp;&nbsp;_main_scatterload
</UL>

<P><STRONG><a name="[6b]"></a>__scatterload_rt2</STRONG> (Thumb, 0 bytes, Stack size 0 bytes, init.o(.text), UNUSED)

<P><STRONG><a name="[49]"></a>AES_CBC_decrypt_buffer</STRONG> (Thumb, 128 bytes, Stack size 40 bytes, aes.o(i.AES_CBC_decrypt_buffer))
<BR><BR>[Stack]<UL><LI>Max Depth = 80<LI>Call Chain = AES_CBC_decrypt_buffer &rArr; InvMixColumns
</UL>
<BR>[Calls]<UL><LI><a href="#[4a]">&gt;&gt;</a>&nbsp;&nbsp;&nbsp;__aeabi_memcpy
<LI><a href="#[4f]">&gt;&gt;</a>&nbsp;&nbsp;&nbsp;XorWithIv
<LI><a href="#[4d]">&gt;&gt;</a>&nbsp;&nbsp;&nbsp;InvSubBytes
<LI><a href="#[4c]">&gt;&gt;</a>&nbsp;&nbsp;&nbsp;InvShiftRows
<LI><a href="#[4e]">&gt;&gt;</a>&nbsp;&nbsp;&nbsp;InvMixColumns
<LI><a href="#[4b]">&gt;&gt;</a>&nbsp;&nbsp;&nbsp;AddRoundKey
</UL>
<BR>[Called By]<UL><LI><a href="#[42]">&gt;&gt;</a>&nbsp;&nbsp;&nbsp;main
</UL>

<P><STRONG><a name="[51]"></a>AES_generateSBox</STRONG> (Thumb, 108 bytes, Stack size 1032 bytes, aes.o(i.AES_generateSBox))
<BR><BR>[Stack]<UL><LI>Max Depth = 1032<LI>Call Chain = AES_generateSBox
</UL>
<BR>[Called By]<UL><LI><a href="#[50]">&gt;&gt;</a>&nbsp;&nbsp;&nbsp;AES_init_ctx_iv
</UL>

<P><STRONG><a name="[50]"></a>AES_init_ctx_iv</STRONG> (Thumb, 36 bytes, Stack size 16 bytes, aes.o(i.AES_init_ctx_iv))
<BR><BR>[Stack]<UL><LI>Max Depth = 1048<LI>Call Chain = AES_init_ctx_iv &rArr; AES_generateSBox
</UL>
<BR>[Calls]<UL><LI><a href="#[4a]">&gt;&gt;</a>&nbsp;&nbsp;&nbsp;__aeabi_memcpy
<LI><a href="#[51]">&gt;&gt;</a>&nbsp;&nbsp;&nbsp;AES_generateSBox
<LI><a href="#[52]">&gt;&gt;</a>&nbsp;&nbsp;&nbsp;KeyExpansion
</UL>
<BR>[Called By]<UL><LI><a href="#[42]">&gt;&gt;</a>&nbsp;&nbsp;&nbsp;main
</UL>

<P><STRONG><a name="[53]"></a>EraseAP</STRONG> (Thumb, 24 bytes, Stack size 16 bytes, commands.o(i.EraseAP))
<BR><BR>[Stack]<UL><LI>Max Depth = 16<LI>Call Chain = EraseAP
</UL>
<BR>[Calls]<UL><LI><a href="#[54]">&gt;&gt;</a>&nbsp;&nbsp;&nbsp;FMC_Erase_User
</UL>
<BR>[Called By]<UL><LI><a href="#[5b]">&gt;&gt;</a>&nbsp;&nbsp;&nbsp;isStartData
</UL>

<P><STRONG><a name="[54]"></a>FMC_Erase_User</STRONG> (Thumb, 30 bytes, Stack size 0 bytes, fmcuser.o(i.FMC_Erase_User))
<BR><BR>[Called By]<UL><LI><a href="#[53]">&gt;&gt;</a>&nbsp;&nbsp;&nbsp;EraseAP
</UL>

<P><STRONG><a name="[56]"></a>FMC_Read_User</STRONG> (Thumb, 36 bytes, Stack size 0 bytes, fmcuser.o(i.FMC_Read_User))
<BR><BR>[Called By]<UL><LI><a href="#[57]">&gt;&gt;</a>&nbsp;&nbsp;&nbsp;GetDataFlashInfo
<LI><a href="#[55]">&gt;&gt;</a>&nbsp;&nbsp;&nbsp;GetApromSize
</UL>

<P><STRONG><a name="[5a]"></a>FMC_Write_User</STRONG> (Thumb, 32 bytes, Stack size 0 bytes, fmcuser.o(i.FMC_Write_User))
<BR><BR>[Called By]<UL><LI><a href="#[59]">&gt;&gt;</a>&nbsp;&nbsp;&nbsp;WriteData
</UL>

<P><STRONG><a name="[55]"></a>GetApromSize</STRONG> (Thumb, 46 bytes, Stack size 32 bytes, target.o(i.GetApromSize))
<BR><BR>[Stack]<UL><LI>Max Depth = 32<LI>Call Chain = GetApromSize
</UL>
<BR>[Calls]<UL><LI><a href="#[56]">&gt;&gt;</a>&nbsp;&nbsp;&nbsp;FMC_Read_User
</UL>
<BR>[Called By]<UL><LI><a href="#[42]">&gt;&gt;</a>&nbsp;&nbsp;&nbsp;main
</UL>

<P><STRONG><a name="[57]"></a>GetDataFlashInfo</STRONG> (Thumb, 72 bytes, Stack size 24 bytes, target.o(i.GetDataFlashInfo))
<BR><BR>[Stack]<UL><LI>Max Depth = 24<LI>Call Chain = GetDataFlashInfo
</UL>
<BR>[Calls]<UL><LI><a href="#[56]">&gt;&gt;</a>&nbsp;&nbsp;&nbsp;FMC_Read_User
</UL>
<BR>[Called By]<UL><LI><a href="#[42]">&gt;&gt;</a>&nbsp;&nbsp;&nbsp;main
</UL>

<P><STRONG><a name="[9]"></a>SysTick_Handler</STRONG> (Thumb, 10 bytes, Stack size 0 bytes, main.o(i.SysTick_Handler))
<BR>[Address Reference Count : 1]<UL><LI> startup_m451series.o(RESET)
</UL>
<P><STRONG><a name="[43]"></a>SystemInit</STRONG> (Thumb, 80 bytes, Stack size 8 bytes, system_m451series.o(i.SystemInit))
<BR><BR>[Stack]<UL><LI>Max Depth = 8<LI>Call Chain = SystemInit
</UL>
<BR>[Address Reference Count : 1]<UL><LI> startup_m451series.o(.text)
</UL>
<P><STRONG><a name="[2e]"></a>UART0_IRQHandler</STRONG> (Thumb, 64 bytes, Stack size 16 bytes, main.o(i.UART0_IRQHandler))
<BR><BR>[Stack]<UL><LI>Max Depth = 16<LI>Call Chain = UART0_IRQHandler
</UL>
<BR>[Address Reference Count : 1]<UL><LI> startup_m451series.o(RESET)
</UL>
<P><STRONG><a name="[59]"></a>WriteData</STRONG> (Thumb, 28 bytes, Stack size 16 bytes, fmcuser.o(i.WriteData))
<BR><BR>[Stack]<UL><LI>Max Depth = 16<LI>Call Chain = WriteData
</UL>
<BR>[Calls]<UL><LI><a href="#[5a]">&gt;&gt;</a>&nbsp;&nbsp;&nbsp;FMC_Write_User
</UL>
<BR>[Called By]<UL><LI><a href="#[61]">&gt;&gt;</a>&nbsp;&nbsp;&nbsp;parseData
</UL>

<P><STRONG><a name="[6c]"></a>__scatterload_copy</STRONG> (Thumb, 14 bytes, Stack size unknown bytes, handlers.o(i.__scatterload_copy), UNUSED)

<P><STRONG><a name="[6d]"></a>__scatterload_null</STRONG> (Thumb, 2 bytes, Stack size unknown bytes, handlers.o(i.__scatterload_null), UNUSED)

<P><STRONG><a name="[6e]"></a>__scatterload_zeroinit</STRONG> (Thumb, 14 bytes, Stack size unknown bytes, handlers.o(i.__scatterload_zeroinit), UNUSED)

<P><STRONG><a name="[5c]"></a>generateBuffers</STRONG> (Thumb, 26 bytes, Stack size 8 bytes, main.o(i.generateBuffers))
<BR><BR>[Stack]<UL><LI>Max Depth = 8<LI>Call Chain = generateBuffers
</UL>
<BR>[Called By]<UL><LI><a href="#[42]">&gt;&gt;</a>&nbsp;&nbsp;&nbsp;main
</UL>

<P><STRONG><a name="[5b]"></a>isStartData</STRONG> (Thumb, 42 bytes, Stack size 8 bytes, commands.o(i.isStartData))
<BR><BR>[Stack]<UL><LI>Max Depth = 24<LI>Call Chain = isStartData &rArr; EraseAP
</UL>
<BR>[Calls]<UL><LI><a href="#[53]">&gt;&gt;</a>&nbsp;&nbsp;&nbsp;EraseAP
</UL>
<BR>[Called By]<UL><LI><a href="#[42]">&gt;&gt;</a>&nbsp;&nbsp;&nbsp;main
</UL>

<P><STRONG><a name="[42]"></a>main</STRONG> (Thumb, 298 bytes, Stack size 192 bytes, main.o(i.main))
<BR><BR>[Stack]<UL><LI>Max Depth = 1240<LI>Call Chain = main &rArr; AES_init_ctx_iv &rArr; AES_generateSBox
</UL>
<BR>[Calls]<UL><LI><a href="#[61]">&gt;&gt;</a>&nbsp;&nbsp;&nbsp;parseData
<LI><a href="#[5b]">&gt;&gt;</a>&nbsp;&nbsp;&nbsp;isStartData
<LI><a href="#[57]">&gt;&gt;</a>&nbsp;&nbsp;&nbsp;GetDataFlashInfo
<LI><a href="#[55]">&gt;&gt;</a>&nbsp;&nbsp;&nbsp;GetApromSize
<LI><a href="#[50]">&gt;&gt;</a>&nbsp;&nbsp;&nbsp;AES_init_ctx_iv
<LI><a href="#[49]">&gt;&gt;</a>&nbsp;&nbsp;&nbsp;AES_CBC_decrypt_buffer
<LI><a href="#[5c]">&gt;&gt;</a>&nbsp;&nbsp;&nbsp;generateBuffers
<LI><a href="#[5e]">&gt;&gt;</a>&nbsp;&nbsp;&nbsp;startApplication
<LI><a href="#[60]">&gt;&gt;</a>&nbsp;&nbsp;&nbsp;replyPC
<LI><a href="#[5f]">&gt;&gt;</a>&nbsp;&nbsp;&nbsp;UART0_Init
<LI><a href="#[5d]">&gt;&gt;</a>&nbsp;&nbsp;&nbsp;SYS_Init
<LI><a href="#[62]">&gt;&gt;</a>&nbsp;&nbsp;&nbsp;CLK_SysTickDelay
</UL>
<BR>[Address Reference Count : 1]<UL><LI> entry9a.o(.ARM.Collect$$$$0000000B)
</UL>
<P><STRONG><a name="[61]"></a>parseData</STRONG> (Thumb, 82 bytes, Stack size 16 bytes, commands.o(i.parseData))
<BR><BR>[Stack]<UL><LI>Max Depth = 32<LI>Call Chain = parseData &rArr; WriteData
</UL>
<BR>[Calls]<UL><LI><a href="#[59]">&gt;&gt;</a>&nbsp;&nbsp;&nbsp;WriteData
</UL>
<BR>[Called By]<UL><LI><a href="#[42]">&gt;&gt;</a>&nbsp;&nbsp;&nbsp;main
</UL>
<P>
<H3>
Local Symbols
</H3>
<P><STRONG><a name="[f]"></a>Default_Handler</STRONG> (Thumb, 2 bytes, Stack size 0 bytes, startup_m451series.o(.text))
<BR><BR>[Calls]<UL><LI><a href="#[f]">&gt;&gt;</a>&nbsp;&nbsp;&nbsp;Default_Handler
</UL>
<BR>[Called By]<UL><LI><a href="#[f]">&gt;&gt;</a>&nbsp;&nbsp;&nbsp;Default_Handler
</UL>
<BR>[Address Reference Count : 1]<UL><LI> startup_m451series.o(RESET)
</UL>
<P><STRONG><a name="[62]"></a>CLK_SysTickDelay</STRONG> (Thumb, 30 bytes, Stack size 0 bytes, main.o(i.CLK_SysTickDelay))
<BR><BR>[Called By]<UL><LI><a href="#[42]">&gt;&gt;</a>&nbsp;&nbsp;&nbsp;main
<LI><a href="#[60]">&gt;&gt;</a>&nbsp;&nbsp;&nbsp;replyPC
</UL>

<P><STRONG><a name="[5d]"></a>SYS_Init</STRONG> (Thumb, 186 bytes, Stack size 0 bytes, main.o(i.SYS_Init))
<BR><BR>[Called By]<UL><LI><a href="#[42]">&gt;&gt;</a>&nbsp;&nbsp;&nbsp;main
</UL>

<P><STRONG><a name="[5f]"></a>UART0_Init</STRONG> (Thumb, 92 bytes, Stack size 0 bytes, main.o(i.UART0_Init))
<BR><BR>[Called By]<UL><LI><a href="#[42]">&gt;&gt;</a>&nbsp;&nbsp;&nbsp;main
</UL>

<P><STRONG><a name="[60]"></a>replyPC</STRONG> (Thumb, 26 bytes, Stack size 16 bytes, main.o(i.replyPC))
<BR><BR>[Stack]<UL><LI>Max Depth = 16<LI>Call Chain = replyPC
</UL>
<BR>[Calls]<UL><LI><a href="#[62]">&gt;&gt;</a>&nbsp;&nbsp;&nbsp;CLK_SysTickDelay
</UL>
<BR>[Called By]<UL><LI><a href="#[42]">&gt;&gt;</a>&nbsp;&nbsp;&nbsp;main
</UL>

<P><STRONG><a name="[5e]"></a>startApplication</STRONG> (Thumb, 26 bytes, Stack size 0 bytes, main.o(i.startApplication))
<BR><BR>[Called By]<UL><LI><a href="#[42]">&gt;&gt;</a>&nbsp;&nbsp;&nbsp;main
</UL>

<P><STRONG><a name="[4b]"></a>AddRoundKey</STRONG> (Thumb, 48 bytes, Stack size 20 bytes, aes.o(i.AddRoundKey))
<BR><BR>[Stack]<UL><LI>Max Depth = 20<LI>Call Chain = AddRoundKey
</UL>
<BR>[Called By]<UL><LI><a href="#[49]">&gt;&gt;</a>&nbsp;&nbsp;&nbsp;AES_CBC_decrypt_buffer
</UL>

<P><STRONG><a name="[4e]"></a>InvMixColumns</STRONG> (Thumb, 932 bytes, Stack size 40 bytes, aes.o(i.InvMixColumns))
<BR><BR>[Stack]<UL><LI>Max Depth = 40<LI>Call Chain = InvMixColumns
</UL>
<BR>[Calls]<UL><LI><a href="#[58]">&gt;&gt;</a>&nbsp;&nbsp;&nbsp;xtime
</UL>
<BR>[Called By]<UL><LI><a href="#[49]">&gt;&gt;</a>&nbsp;&nbsp;&nbsp;AES_CBC_decrypt_buffer
</UL>

<P><STRONG><a name="[4c]"></a>InvShiftRows</STRONG> (Thumb, 50 bytes, Stack size 0 bytes, aes.o(i.InvShiftRows))
<BR><BR>[Called By]<UL><LI><a href="#[49]">&gt;&gt;</a>&nbsp;&nbsp;&nbsp;AES_CBC_decrypt_buffer
</UL>

<P><STRONG><a name="[4d]"></a>InvSubBytes</STRONG> (Thumb, 36 bytes, Stack size 12 bytes, aes.o(i.InvSubBytes))
<BR><BR>[Stack]<UL><LI>Max Depth = 12<LI>Call Chain = InvSubBytes
</UL>
<BR>[Called By]<UL><LI><a href="#[49]">&gt;&gt;</a>&nbsp;&nbsp;&nbsp;AES_CBC_decrypt_buffer
</UL>

<P><STRONG><a name="[52]"></a>KeyExpansion</STRONG> (Thumb, 162 bytes, Stack size 20 bytes, aes.o(i.KeyExpansion))
<BR><BR>[Stack]<UL><LI>Max Depth = 20<LI>Call Chain = KeyExpansion
</UL>
<BR>[Called By]<UL><LI><a href="#[50]">&gt;&gt;</a>&nbsp;&nbsp;&nbsp;AES_init_ctx_iv
</UL>

<P><STRONG><a name="[4f]"></a>XorWithIv</STRONG> (Thumb, 22 bytes, Stack size 8 bytes, aes.o(i.XorWithIv))
<BR><BR>[Stack]<UL><LI>Max Depth = 8<LI>Call Chain = XorWithIv
</UL>
<BR>[Called By]<UL><LI><a href="#[49]">&gt;&gt;</a>&nbsp;&nbsp;&nbsp;AES_CBC_decrypt_buffer
</UL>

<P><STRONG><a name="[58]"></a>xtime</STRONG> (Thumb, 18 bytes, Stack size 0 bytes, aes.o(i.xtime))
<BR><BR>[Called By]<UL><LI><a href="#[4e]">&gt;&gt;</a>&nbsp;&nbsp;&nbsp;InvMixColumns
</UL>
<P>
<H3>
Undefined Global Symbols
</H3><HR></body></html>
