<html>
<body>
<pre>
<h1>µVision Build Log</h1>
<h2>Tool Versions:</h2>
IDE-Version: µVision V5.25.2.0
Copyright (C) 2018 ARM Ltd and ARM Germany GmbH. All rights reserved.
License Information: David ched, Ched Solutions, LIC=8MZGK-ZV1I8-ZDMK6-D87Z6-WMZ33-5T9M6
 
Tool Versions:
Toolchain:       MDK-ARM Professional  Version: 5.25.2.0
Toolchain Path:  C:\Keil_v5\ARM\ARMCC\Bin
C Compiler:      Armcc.exe V5.06 update 6 (build 750)
Assembler:       Armasm.exe V5.06 update 6 (build 750)
Linker/Locator:  ArmLink.exe V5.06 update 6 (build 750)
Library Manager: ArmAr.exe V5.06 update 6 (build 750)
Hex Converter:   FromElf.exe V5.06 update 6 (build 750)
CPU DLL:         SARMCM3.DLL V5.25.2.0
Dialog DLL:      DARMCM1.DLL V1.19.1.0
Target DLL:      NULink\Nu_Link.dll V2.03
Dialog DLL:      TARMCM1.DLL V1.14.0.0
 
<h2>Project:</h2>
C:\Users\ched\Desktop\mainBootloader\M451BSP\SampleCode\ISP_Sample\ISP_UART\KEIL\ISP_UART.uvproj
Project File Date:  07/26/2018

<h2>Output:</h2>
*** Using Compiler 'V5.06 update 6 (build 750)', folder: 'C:\Keil_v5\ARM\ARMCC\Bin'
Build target 'ISP_UART'
creating preprocessor file for system_M451Series.c...
creating preprocessor file for main.c...
creating preprocessor file for aes.c...
creating preprocessor file for commands.c...
creating preprocessor file for fmcUser.c...
creating preprocessor file for target.c...
linking...
Program Size: Code=3188 RO-data=368 RW-data=116 ZI-data=1588  
After Build - User command #1: fromelf --bin ".\obj\M451_ISP_UART0_PD0_PD1.axf" --output ".\obj\M451_ISP_UART0_PD0_PD1.bin"
After Build - User command #2: fromelf --text -c ".\obj\M451_ISP_UART0_PD0_PD1.axf" --output ".\obj\M451_ISP_UART0_PD0_PD1.txt"
".\obj\M451_ISP_UART0_PD0_PD1.axf" - 0 Error(s), 0 Warning(s).
Build Time Elapsed:  00:00:03
</pre>
</body>
</html>
