<html>
<body>
<pre>
<h1>µVision Build Log</h1>
<h2>Tool Versions:</h2>
IDE-Version: µVision V5.25.2.0
Copyright (C) 2018 ARM Ltd and ARM Germany GmbH. All rights reserved.
License Information: David ched, Ched Solutions, LIC=8MZGK-ZV1I8-ZDMK6-D87Z6-WMZ33-5T9M6
 
Tool Versions:
Toolchain:       MDK-ARM Professional  Version: 5.25.2.0
Toolchain Path:  C:\Keil_v5\ARM\ARMCC\Bin
C Compiler:      Armcc.exe V5.06 update 6 (build 750)
Assembler:       Armasm.exe V5.06 update 6 (build 750)
Linker/Locator:  ArmLink.exe V5.06 update 6 (build 750)
Library Manager: ArmAr.exe V5.06 update 6 (build 750)
Hex Converter:   FromElf.exe V5.06 update 6 (build 750)
CPU DLL:         SARMCM3.DLL V5.25.2.0
Dialog DLL:      DARMCM1.DLL V1.19.1.0
Target DLL:      UL2CM3.DLL V1.160.12.0
Dialog DLL:      TARMCM1.DLL V1.14.0.0
 
<h2>Project:</h2>
C:\Users\ched\Desktop\toolan\newBootloader\bootloader1.uvprojx
Project File Date:  07/21/2018

<h2>Output:</h2>
*** Using Compiler 'V5.06 update 6 (build 750)', folder: 'C:\Keil_v5\ARM\ARMCC\Bin'
Build target 'Target 1'
compiling main.c...
commands.h(41): warning:  #1-D: last line of file ends without a newline
  #endif
main.c: 1 warning, 0 errors
compiling target.c...
commands.h(41): warning:  #1-D: last line of file ends without a newline
  #endif
target.c(21): warning:  #111-D: statement is unreachable
      return 0;
target.c: 2 warnings, 0 errors
compiling commands.c...
commands.h(41): warning:  #1-D: last line of file ends without a newline
  #endif
commands.c(8): warning:  #177-D: function "Checksum"  was declared but never referenced
  static uint8_t Checksum(uint8_t *buf, int len)
commands.c: 2 warnings, 0 errors
linking...
Program Size: Code=5180 RO-data=408 RW-data=108 ZI-data=1652  
FromELF: creating hex file...
After Build - User command #1: fromelf --bin ".\Objects\bootloader1.axf" --output ".\Objects\bootloader1.bin"
After Build - User command #2: fromelf --text -c ".\Objects\bootloader1.axf" --output ".\Objects\bootloader1.txt"
".\Objects\bootloader1.axf" - 0 Error(s), 5 Warning(s).

<h2>Software Packages used:</h2>

Package Vendor: Nuvoton
                http://www.nuvoton.com/hq/enu/Documents/KEILSoftwarePack/Nuvoton.NuMicro_DFP.1.2.1.pack
                Nuvoton.NuMicro_DFP.1.2.1
                Nuvoton ARM Cortex-M NuMicro Family Device Support
   * Component: Startup Version: 3.01.002

<h2>Collection of Component include folders:</h2>
  .\RTE\_Target_1
  C:\Keil_v5\ARM\PACK\Nuvoton\NuMicro_DFP\1.2.1\Device\M451\Driver
  C:\Keil_v5\ARM\PACK\Nuvoton\NuMicro_DFP\1.2.1\Device\M451\Include

<h2>Collection of Component Files used:</h2>

   * Component: Nuvoton::Device:Startup:3.01.002
      Source file:   Device\M451\Source\ARM\startup_M451Series.s
      Include file:  Device\M451\Include\M451Series.h
      Source file:   Device\M451\Source\system_M451Series.c
      Source file:   Device\M451\Driver\retarget.c
Build Time Elapsed:  00:00:02
</pre>
</body>
</html>
